MemTotal:       131972012 kB
MemFree:        130335632 kB
MemAvailable:   130447048 kB
Buffers:           89080 kB
Cached:           816816 kB
SwapCached:            0 kB
Active:           468868 kB
Inactive:         503004 kB
Active(anon):      82176 kB
Inactive(anon):      900 kB
Active(file):     386692 kB
Inactive(file):   502104 kB
Unevictable:       17756 kB
Mlocked:           17756 kB
SwapTotal:             0 kB
SwapFree:              0 kB
Dirty:              1764 kB
Writeback:             0 kB
AnonPages:         83428 kB
Mapped:            99708 kB
Shmem:              1316 kB
KReclaimable:     120396 kB
Slab:             335216 kB
SReclaimable:     120396 kB
SUnreclaim:       214820 kB
KernelStack:        7216 kB
PageTables:         3132 kB
NFS_Unstable:          0 kB
Bounce:                0 kB
WritebackTmp:          0 kB
CommitLimit:    65986004 kB
Committed_AS:     446572 kB
VmallocTotal:   34359738367 kB
VmallocUsed:           0 kB
VmallocChunk:          0 kB
Percpu:            31680 kB
HardwareCorrupted:     0 kB
AnonHugePages:         0 kB
ShmemHugePages:        0 kB
ShmemPmdMapped:        0 kB
CmaTotal:              0 kB
CmaFree:               0 kB
HugePages_Total:       0
HugePages_Free:        0
HugePages_Rsvd:        0
HugePages_Surp:        0
Hugepagesize:       2048 kB
Hugetlb:               0 kB
DirectMap4k:      347616 kB
DirectMap2M:     4847616 kB
DirectMap1G:    131072000 kB
