MemTotal:       131972012 kB
MemFree:        130349860 kB
MemAvailable:   130459776 kB
Buffers:           88844 kB
Cached:           816440 kB
SwapCached:            0 kB
Active:           461484 kB
Inactive:         502756 kB
Active(anon):      75176 kB
Inactive(anon):      892 kB
Active(file):     386308 kB
Inactive(file):   501864 kB
Unevictable:       17756 kB
Mlocked:           17756 kB
SwapTotal:             0 kB
SwapFree:              0 kB
Dirty:               148 kB
Writeback:             0 kB
AnonPages:         77136 kB
Mapped:            99156 kB
Shmem:              1300 kB
KReclaimable:     118644 kB
Slab:             324596 kB
SReclaimable:     118644 kB
SUnreclaim:       205952 kB
KernelStack:        7152 kB
PageTables:         2788 kB
NFS_Unstable:          0 kB
Bounce:                0 kB
WritebackTmp:          0 kB
CommitLimit:    65986004 kB
Committed_AS:     428276 kB
VmallocTotal:   34359738367 kB
VmallocUsed:           0 kB
VmallocChunk:          0 kB
Percpu:            31104 kB
HardwareCorrupted:     0 kB
AnonHugePages:         0 kB
ShmemHugePages:        0 kB
ShmemPmdMapped:        0 kB
CmaTotal:              0 kB
CmaFree:               0 kB
HugePages_Total:       0
HugePages_Free:        0
HugePages_Rsvd:        0
HugePages_Surp:        0
Hugepagesize:       2048 kB
Hugetlb:               0 kB
DirectMap4k:      345568 kB
DirectMap2M:     4849664 kB
DirectMap1G:    131072000 kB
