MemTotal:       131972012 kB
MemFree:        130331828 kB
MemAvailable:   130443580 kB
Buffers:           89176 kB
Cached:           816860 kB
SwapCached:            0 kB
Active:           468568 kB
Inactive:         503016 kB
Active(anon):      81752 kB
Inactive(anon):      908 kB
Active(file):     386816 kB
Inactive(file):   502108 kB
Unevictable:       17756 kB
Mlocked:           17756 kB
SwapTotal:             0 kB
SwapFree:              0 kB
Dirty:               168 kB
Writeback:             0 kB
AnonPages:         83208 kB
Mapped:            99284 kB
Shmem:              1316 kB
KReclaimable:     120816 kB
Slab:             336620 kB
SReclaimable:     120816 kB
SUnreclaim:       215804 kB
KernelStack:        7296 kB
PageTables:         3048 kB
NFS_Unstable:          0 kB
Bounce:                0 kB
WritebackTmp:          0 kB
CommitLimit:    65986004 kB
Committed_AS:     455836 kB
VmallocTotal:   34359738367 kB
VmallocUsed:           0 kB
VmallocChunk:          0 kB
Percpu:            31680 kB
HardwareCorrupted:     0 kB
AnonHugePages:         0 kB
ShmemHugePages:        0 kB
ShmemPmdMapped:        0 kB
CmaTotal:              0 kB
CmaFree:               0 kB
HugePages_Total:       0
HugePages_Free:        0
HugePages_Rsvd:        0
HugePages_Surp:        0
Hugepagesize:       2048 kB
Hugetlb:               0 kB
DirectMap4k:      347616 kB
DirectMap2M:     4847616 kB
DirectMap1G:    131072000 kB
