MemTotal:       131949788 kB
MemFree:        118030704 kB
MemAvailable:   129765308 kB
Buffers:          359700 kB
Cached:         12061388 kB
SwapCached:            0 kB
Active:          8112584 kB
Inactive:        4455680 kB
Active(anon):       1536 kB
Inactive(anon):   162148 kB
Active(file):    8111048 kB
Inactive(file):  4293532 kB
Unevictable:       16716 kB
Mlocked:           13644 kB
SwapTotal:       8388604 kB
SwapFree:        8388604 kB
Dirty:               676 kB
Writeback:             0 kB
AnonPages:        164456 kB
Mapped:           149136 kB
Shmem:              5048 kB
KReclaimable:     333580 kB
Slab:             599484 kB
SReclaimable:     333580 kB
SUnreclaim:       265904 kB
KernelStack:        9792 kB
PageTables:         8172 kB
NFS_Unstable:          0 kB
Bounce:                0 kB
WritebackTmp:          0 kB
CommitLimit:    74363496 kB
Committed_AS:    1125900 kB
VmallocTotal:   34359738367 kB
VmallocUsed:      192984 kB
VmallocChunk:          0 kB
Percpu:            75264 kB
HardwareCorrupted:     0 kB
AnonHugePages:         0 kB
ShmemHugePages:        0 kB
ShmemPmdMapped:        0 kB
FileHugePages:         0 kB
FilePmdMapped:         0 kB
CmaTotal:              0 kB
CmaFree:               0 kB
HugePages_Total:       0
HugePages_Free:        0
HugePages_Rsvd:        0
HugePages_Surp:        0
Hugepagesize:       2048 kB
Hugetlb:               0 kB
DirectMap4k:      957920 kB
DirectMap2M:    15771648 kB
DirectMap1G:    119537664 kB
