MemTotal:       131972012 kB
MemFree:        131285328 kB
MemAvailable:   130791448 kB
Buffers:           15716 kB
Cached:           190500 kB
SwapCached:            0 kB
Active:           116456 kB
Inactive:         131580 kB
Active(anon):      57936 kB
Inactive(anon):      944 kB
Active(file):      58520 kB
Inactive(file):   130636 kB
Unevictable:       17756 kB
Mlocked:           17756 kB
SwapTotal:             0 kB
SwapFree:              0 kB
Dirty:                72 kB
Writeback:             0 kB
AnonPages:         59032 kB
Mapped:           103312 kB
Shmem:              1304 kB
KReclaimable:      53932 kB
Slab:             168864 kB
SReclaimable:      53932 kB
SUnreclaim:       114932 kB
KernelStack:        7512 kB
PageTables:         3020 kB
NFS_Unstable:          0 kB
Bounce:                0 kB
WritebackTmp:          0 kB
CommitLimit:    65986004 kB
Committed_AS:     397016 kB
VmallocTotal:   34359738367 kB
VmallocUsed:           0 kB
VmallocChunk:          0 kB
Percpu:            20160 kB
HardwareCorrupted:     0 kB
AnonHugePages:         0 kB
ShmemHugePages:        0 kB
ShmemPmdMapped:        0 kB
CmaTotal:              0 kB
CmaFree:               0 kB
HugePages_Total:       0
HugePages_Free:        0
HugePages_Rsvd:        0
HugePages_Surp:        0
Hugepagesize:       2048 kB
Hugetlb:               0 kB
DirectMap4k:      212448 kB
DirectMap2M:     4982784 kB
DirectMap1G:    131072000 kB
