MemTotal:       131949788 kB
MemFree:        117910096 kB
MemAvailable:   129826200 kB
Buffers:          359700 kB
Cached:         12241984 kB
SwapCached:            0 kB
Active:          8255080 kB
Inactive:        4433016 kB
Active(anon):       1432 kB
Inactive(anon):   101312 kB
Active(file):    8253648 kB
Inactive(file):  4331704 kB
Unevictable:       16716 kB
Mlocked:           13644 kB
SwapTotal:       8388604 kB
SwapFree:        8388604 kB
Dirty:                24 kB
Writeback:             0 kB
AnonPages:        103200 kB
Mapped:           136324 kB
Shmem:              4868 kB
KReclaimable:     335036 kB
Slab:             595208 kB
SReclaimable:     335036 kB
SUnreclaim:       260172 kB
KernelStack:        7856 kB
PageTables:         6052 kB
NFS_Unstable:          0 kB
Bounce:                0 kB
WritebackTmp:          0 kB
CommitLimit:    74363496 kB
Committed_AS:     390308 kB
VmallocTotal:   34359738367 kB
VmallocUsed:      191112 kB
VmallocChunk:          0 kB
Percpu:            75264 kB
HardwareCorrupted:     0 kB
AnonHugePages:         0 kB
ShmemHugePages:        0 kB
ShmemPmdMapped:        0 kB
FileHugePages:         0 kB
FilePmdMapped:         0 kB
CmaTotal:              0 kB
CmaFree:               0 kB
HugePages_Total:       0
HugePages_Free:        0
HugePages_Rsvd:        0
HugePages_Surp:        0
Hugepagesize:       2048 kB
Hugetlb:               0 kB
DirectMap4k:      957920 kB
DirectMap2M:    15771648 kB
DirectMap1G:    119537664 kB
