MemTotal:       131972012 kB
MemFree:        128592840 kB
MemAvailable:   130389828 kB
Buffers:          126364 kB
Cached:          2386420 kB
SwapCached:            0 kB
Active:           753240 kB
Inactive:        1798048 kB
Active(anon):      54904 kB
Inactive(anon):      864 kB
Active(file):     698336 kB
Inactive(file):  1797184 kB
Unevictable:       17732 kB
Mlocked:           17732 kB
SwapTotal:             0 kB
SwapFree:              0 kB
Dirty:               136 kB
Writeback:             0 kB
AnonPages:         56684 kB
Mapped:           176460 kB
Shmem:              1288 kB
KReclaimable:     277852 kB
Slab:             489216 kB
SReclaimable:     277852 kB
SUnreclaim:       211364 kB
KernelStack:        7168 kB
PageTables:         2932 kB
NFS_Unstable:          0 kB
Bounce:                0 kB
WritebackTmp:          0 kB
CommitLimit:    65986004 kB
Committed_AS:     369412 kB
VmallocTotal:   34359738367 kB
VmallocUsed:           0 kB
VmallocChunk:          0 kB
Percpu:            38592 kB
HardwareCorrupted:     0 kB
AnonHugePages:         0 kB
ShmemHugePages:        0 kB
ShmemPmdMapped:        0 kB
CmaTotal:              0 kB
CmaFree:               0 kB
HugePages_Total:       0
HugePages_Free:        0
HugePages_Rsvd:        0
HugePages_Surp:        0
Hugepagesize:       2048 kB
Hugetlb:               0 kB
DirectMap4k:      546272 kB
DirectMap2M:     8843264 kB
DirectMap1G:    126877696 kB
