MemTotal:       131949788 kB
MemFree:        130564668 kB
MemAvailable:   130281464 kB
Buffers:            1632 kB
Cached:           543820 kB
SwapCached:            0 kB
Active:           352200 kB
Inactive:         249964 kB
Active(anon):        880 kB
Inactive(anon):    72124 kB
Active(file):     351320 kB
Inactive(file):   177840 kB
Unevictable:       16720 kB
Mlocked:           13648 kB
SwapTotal:       8388604 kB
SwapFree:        8388604 kB
Dirty:               488 kB
Writeback:             0 kB
AnonPages:         73676 kB
Mapped:           134564 kB
Shmem:              4800 kB
KReclaimable:      49216 kB
Slab:             183448 kB
SReclaimable:      49216 kB
SUnreclaim:       134232 kB
KernelStack:        7520 kB
PageTables:         4400 kB
NFS_Unstable:          0 kB
Bounce:                0 kB
WritebackTmp:          0 kB
CommitLimit:    74363496 kB
Committed_AS:     362816 kB
VmallocTotal:   34359738367 kB
VmallocUsed:      186436 kB
VmallocChunk:          0 kB
Percpu:            35904 kB
HardwareCorrupted:     0 kB
AnonHugePages:         0 kB
ShmemHugePages:        0 kB
ShmemPmdMapped:        0 kB
FileHugePages:         0 kB
FilePmdMapped:         0 kB
CmaTotal:              0 kB
CmaFree:               0 kB
HugePages_Total:       0
HugePages_Free:        0
HugePages_Rsvd:        0
HugePages_Surp:        0
Hugepagesize:       2048 kB
Hugetlb:               0 kB
DirectMap4k:      445920 kB
DirectMap2M:     4749312 kB
DirectMap1G:    131072000 kB
