MemTotal:       131949788 kB
MemFree:        130583012 kB
MemAvailable:   130290788 kB
Buffers:            1632 kB
Cached:           534948 kB
SwapCached:            0 kB
Active:           349212 kB
Inactive:         243592 kB
Active(anon):        868 kB
Inactive(anon):    71720 kB
Active(file):     348344 kB
Inactive(file):   171872 kB
Unevictable:       16720 kB
Mlocked:           13648 kB
SwapTotal:       8388604 kB
SwapFree:        8388604 kB
Dirty:                 0 kB
Writeback:             0 kB
AnonPages:         73116 kB
Mapped:           133816 kB
Shmem:              4800 kB
KReclaimable:      49060 kB
Slab:             183116 kB
SReclaimable:      49060 kB
SUnreclaim:       134056 kB
KernelStack:        7456 kB
PageTables:         4216 kB
NFS_Unstable:          0 kB
Bounce:                0 kB
WritebackTmp:          0 kB
CommitLimit:    74363496 kB
Committed_AS:     362816 kB
VmallocTotal:   34359738367 kB
VmallocUsed:      186324 kB
VmallocChunk:          0 kB
Percpu:            35904 kB
HardwareCorrupted:     0 kB
AnonHugePages:         0 kB
ShmemHugePages:        0 kB
ShmemPmdMapped:        0 kB
FileHugePages:         0 kB
FilePmdMapped:         0 kB
CmaTotal:              0 kB
CmaFree:               0 kB
HugePages_Total:       0
HugePages_Free:        0
HugePages_Rsvd:        0
HugePages_Surp:        0
Hugepagesize:       2048 kB
Hugetlb:               0 kB
DirectMap4k:      445920 kB
DirectMap2M:     4749312 kB
DirectMap1G:    131072000 kB
